// Jest Snapshot v1, https://goo.gl/fbAQLP

exports[`Page layout Component should render pagelayout component 1`] = `
<div
  className="app"
>
  <Header />
  <div
    className="container"
  >
    <Aside />
    <div
      className="main"
    />
  </div>
  <Footer />
</div>
`;
